// Vitest Snapshot v1, https://vitest.dev/guide/snapshot.html

exports[`golden master — deterministic 600-tick engine scenario > freezes periodic state hashes 1`] = `
[
  [
    50,
    2156363115,
  ],
  [
    100,
    1166320766,
  ],
  [
    150,
    211249049,
  ],
  [
    200,
    277169166,
  ],
  [
    250,
    1758358839,
  ],
  [
    300,
    3831278141,
  ],
  [
    350,
    1736022450,
  ],
  [
    400,
    2896645369,
  ],
  [
    450,
    3951074516,
  ],
  [
    500,
    2182323370,
  ],
  [
    550,
    2528019897,
  ],
  [
    600,
    1678417981,
  ],
]
`;

exports[`golden master — deterministic 600-tick engine scenario > freezes the full event stream 1`] = `
[
  [
    20,
    {
      "delta": 10,
      "itemId": "gm-item-1",
      "itemType": "food",
      "newHp": 160,
      "playerId": "gm-hunter",
      "type": "eaten",
      "via": "collision",
      "x": 0.319,
      "y": 0.42450000000000004,
    },
  ],
  [
    24,
    {
      "delta": 30,
      "itemId": "gm-item-2",
      "itemType": "rareCandy",
      "newHp": 190,
      "playerId": "gm-hunter",
      "type": "eaten",
      "via": "collision",
      "x": 0.323,
      "y": 0.42650000000000005,
    },
  ],
  [
    28,
    {
      "delta": 25,
      "itemId": "gm-item-3",
      "itemType": "goldenBerry",
      "newHp": 215,
      "playerId": "gm-hunter",
      "type": "eaten",
      "via": "collision",
      "x": 0.327,
      "y": 0.43150000000000005,
    },
  ],
  [
    28,
    {
      "newStage": 2,
      "playerId": "gm-hunter",
      "type": "evolved",
    },
  ],
  [
    32,
    {
      "delta": 5,
      "itemId": "gm-item-4",
      "itemType": "crumb",
      "newHp": 218,
      "playerId": "gm-hunter",
      "type": "eaten",
      "via": "collision",
      "x": 0.33551318840439925,
      "y": 0.44275659420219976,
    },
  ],
  [
    36,
    {
      "delta": -10,
      "itemId": "gm-item-5",
      "itemType": "mushroom",
      "newHp": 208,
      "playerId": "gm-hunter",
      "type": "eaten",
      "via": "collision",
      "x": 0.34553077294359824,
      "y": 0.43776538647179936,
    },
  ],
  [
    40,
    {
      "effect": {
        "expiresAt": 1750000064000,
        "kind": "wellFed",
      },
      "itemId": "gm-item-6",
      "playerId": "gm-hunter",
      "type": "effectGranted",
      "via": "collision",
      "x": 0.35554835748279723,
      "y": 0.44277417874139896,
    },
  ],
  [
    44,
    {
      "effect": {
        "expiresAt": 1750000019400,
        "kind": "shield",
      },
      "itemId": "gm-item-7",
      "playerId": "gm-hunter",
      "type": "effectGranted",
      "via": "collision",
      "x": 0.3655659420219962,
      "y": 0.44778297101099857,
    },
  ],
  [
    48,
    {
      "effect": {
        "expiresAt": 1750000014800,
        "kind": "laying",
      },
      "itemId": "gm-item-8",
      "playerId": "gm-hunter",
      "type": "effectGranted",
      "via": "collision",
      "x": 0.3755835265611952,
      "y": 0.4557917632805982,
    },
  ],
  [
    52,
    {
      "delta": 0,
      "itemId": "gm-item-9",
      "itemType": "rotten",
      "newHp": 238,
      "playerId": "gm-hunter",
      "type": "eaten",
      "via": "collision",
      "x": 0.3856011111003942,
      "y": 0.4578005555501978,
    },
  ],
  [
    56,
    {
      "effect": {
        "expiresAt": 1750000015600,
        "kind": "pooping",
      },
      "itemId": "gm-item-10",
      "playerId": "gm-hunter",
      "type": "effectGranted",
      "via": "collision",
      "x": 0.3956186956395932,
      "y": 0.4658093478197974,
    },
  ],
  [
    60,
    {
      "delta": 0,
      "itemId": "gm-item-11",
      "itemType": "rock",
      "newHp": 238,
      "playerId": "gm-hunter",
      "type": "eaten",
      "via": "collision",
      "x": 0.40563628017879216,
      "y": 0.472818140089397,
    },
  ],
  [
    63,
    {
      "item": {
        "id": "gm-item-12",
        "ownerId": "gm-hunter",
        "type": "brick",
        "vx": -0.09516184511994218,
        "vy": 0.22213559650215484,
        "x": 0.38490386471799115,
        "y": 0.5158269323589966,
      },
      "type": "spawned",
    },
  ],
  [
    64,
    {
      "delta": 0,
      "itemId": "gm-item-13",
      "itemType": "brick",
      "newHp": 238,
      "playerId": "gm-hunter",
      "type": "eaten",
      "via": "collision",
      "x": 0.41565386471799115,
      "y": 0.4798269323589966,
    },
  ],
  [
    68,
    {
      "hits": [],
      "itemId": "gm-item-14",
      "radius": 0.18,
      "type": "detonated",
      "x": 0.42567144925719014,
      "y": 0.4638357246285962,
    },
  ],
  [
    73,
    {
      "item": {
        "id": "gm-item-15",
        "ownerId": "gm-hunter",
        "type": "brick",
        "vx": -0.04347348961779453,
        "vy": 0.23771843786389713,
        "x": 0.4099478260659886,
        "y": 0.5283489130329956,
      },
      "type": "spawned",
    },
  ],
  [
    83,
    {
      "item": {
        "id": "gm-item-16",
        "ownerId": "gm-hunter",
        "type": "rock",
        "vx": -0.027383684442093534,
        "vy": 0.22192371172629538,
        "x": 0.4349917874139861,
        "y": 0.5408708937069946,
      },
      "type": "spawned",
    },
  ],
  [
    93,
    {
      "item": {
        "id": "gm-item-17",
        "ownerId": "gm-hunter",
        "type": "brick",
        "vx": -0.05669378237568748,
        "vy": 0.23491661295008107,
        "x": 0.46003574876198355,
        "y": 0.5533928743809936,
      },
      "type": "spawned",
    },
  ],
  [
    100,
    {
      "delta": 10,
      "itemId": "gm-item-18",
      "itemType": "food",
      "newHp": 248,
      "playerId": "gm-hunter",
      "type": "eaten",
      "via": "click",
      "x": 0.85,
      "y": 0.25,
    },
  ],
  [
    103,
    {
      "item": {
        "id": "gm-item-19",
        "ownerId": "gm-hunter",
        "type": "bomb",
        "vx": -0.020228916305263578,
        "vy": 0.003845899779588798,
        "x": 0.48507971010998135,
        "y": 0.5659148550549923,
      },
      "type": "spawned",
    },
  ],
  [
    104,
    {
      "delta": 30,
      "itemId": "gm-item-20",
      "itemType": "rareCandy",
      "newHp": 278,
      "playerId": "gm-hunter",
      "type": "eaten",
      "via": "click",
      "x": 0.85,
      "y": 0.25,
    },
  ],
  [
    108,
    {
      "delta": 25,
      "itemId": "gm-item-21",
      "itemType": "goldenBerry",
      "newHp": 303,
      "playerId": "gm-hunter",
      "type": "eaten",
      "via": "click",
      "x": 0.85,
      "y": 0.25,
    },
  ],
  [
    112,
    {
      "delta": 5,
      "itemId": "gm-item-22",
      "itemType": "crumb",
      "newHp": 308,
      "playerId": "gm-hunter",
      "type": "eaten",
      "via": "click",
      "x": 0.85,
      "y": 0.25,
    },
  ],
  [
    113,
    {
      "item": {
        "id": "gm-item-23",
        "ownerId": "gm-hunter",
        "type": "brick",
        "vx": -0.11719662704618211,
        "vy": 0.21134083989848745,
        "x": 0.5101236714579793,
        "y": 0.5784368357289907,
      },
      "type": "spawned",
    },
  ],
  [
    116,
    {
      "delta": 7,
      "itemId": "gm-item-24",
      "itemType": "mushroom",
      "newHp": 315,
      "playerId": "gm-hunter",
      "type": "eaten",
      "via": "click",
      "x": 0.85,
      "y": 0.25,
    },
  ],
  [
    120,
    {
      "effect": {
        "expiresAt": 1750000072000,
        "kind": "wellFed",
      },
      "itemId": "gm-item-25",
      "playerId": "gm-hunter",
      "type": "effectGranted",
      "via": "click",
      "x": 0.85,
      "y": 0.25,
    },
  ],
  [
    120,
    {
      "cause": {
        "by": "decay",
      },
      "playerId": "gm-starving",
      "type": "fainted",
    },
  ],
  [
    123,
    {
      "item": {
        "id": "gm-item-26",
        "ownerId": "gm-hunter",
        "type": "rock",
        "vx": -0.07231312683846491,
        "vy": 0.21159114274194962,
        "x": 0.5351676328059773,
        "y": 0.5909588164029892,
      },
      "type": "spawned",
    },
  ],
  [
    124,
    {
      "effect": {
        "expiresAt": 1750000027400,
        "kind": "shield",
      },
      "itemId": "gm-item-27",
      "playerId": "gm-hunter",
      "type": "effectGranted",
      "via": "click",
      "x": 0.85,
      "y": 0.25,
    },
  ],
  [
    128,
    {
      "effect": {
        "expiresAt": 1750000022800,
        "kind": "laying",
      },
      "itemId": "gm-item-28",
      "playerId": "gm-hunter",
      "type": "effectGranted",
      "via": "click",
      "x": 0.85,
      "y": 0.25,
    },
  ],
  [
    132,
    {
      "delta": 0,
      "itemId": "gm-item-29",
      "itemType": "rotten",
      "newHp": 345,
      "playerId": "gm-hunter",
      "type": "eaten",
      "via": "click",
      "x": 0.85,
      "y": 0.25,
    },
  ],
  [
    133,
    {
      "item": {
        "id": "gm-item-30",
        "ownerId": "gm-hunter",
        "type": "food",
        "vx": -0.06629520810771825,
        "vy": 0.15654055507105605,
        "x": 0.5602115941539754,
        "y": 0.6034807970769877,
      },
      "type": "spawned",
    },
  ],
  [
    136,
    {
      "effect": {
        "expiresAt": 1750000023600,
        "kind": "pooping",
      },
      "itemId": "gm-item-31",
      "playerId": "gm-hunter",
      "type": "effectGranted",
      "via": "click",
      "x": 0.85,
      "y": 0.25,
    },
  ],
  [
    140,
    {
      "delta": 0,
      "itemId": "gm-item-32",
      "itemType": "rock",
      "newHp": 345,
      "playerId": "gm-hunter",
      "type": "eaten",
      "via": "click",
      "x": 0.85,
      "y": 0.25,
    },
  ],
  [
    144,
    {
      "delta": 0,
      "itemId": "gm-item-33",
      "itemType": "brick",
      "newHp": 345,
      "playerId": "gm-hunter",
      "type": "eaten",
      "via": "click",
      "x": 0.85,
      "y": 0.25,
    },
  ],
  [
    148,
    {
      "clicksLeft": undefined,
      "itemId": "gm-item-34",
      "type": "itemNudged",
      "vx": 0.01073312629199899,
      "vy": 0.004633436854000505,
      "x": 0.85,
      "y": 0.25,
    },
  ],
  [
    148,
    {
      "item": {
        "id": "gm-item-35",
        "ownerId": "gm-hunter",
        "type": "cactus",
        "vx": -0.11327847111304387,
        "vy": 0.1508906490883093,
        "x": 0.5977775361759725,
        "y": 0.6222637680879853,
      },
      "type": "spawned",
    },
  ],
  [
    158,
    {
      "item": {
        "id": "gm-item-36",
        "ownerId": "gm-hunter",
        "type": "cactus",
        "vx": -0.12318247408239963,
        "vy": 0.14291983095056807,
        "x": 0.6228214975239705,
        "y": 0.6347857487619838,
      },
      "type": "spawned",
    },
  ],
  [
    168,
    {
      "item": {
        "id": "gm-item-37",
        "ownerId": "gm-hunter",
        "type": "brick",
        "vx": -0.1477415740995882,
        "vy": 0.1912391886684732,
        "x": 0.6478654588719686,
        "y": 0.6473077294359822,
      },
      "type": "spawned",
    },
  ],
  [
    178,
    {
      "item": {
        "id": "gm-item-38",
        "ownerId": "gm-hunter",
        "type": "cactus",
        "vx": -0.1423810136229771,
        "vy": 0.12380487453930727,
        "x": 0.6729094202199666,
        "y": 0.6598297101099807,
      },
      "type": "spawned",
    },
  ],
  [
    188,
    {
      "item": {
        "id": "gm-item-42",
        "ownerId": "gm-hunter",
        "type": "brick",
        "vx": -0.06363026856826143,
        "vy": 0.23313341442601257,
        "x": 0.6979533815679646,
        "y": 0.6723516907839792,
      },
      "type": "spawned",
    },
  ],
  [
    198,
    {
      "item": {
        "id": "gm-item-45",
        "ownerId": "gm-hunter",
        "type": "bomb",
        "vx": -0.01583994004866874,
        "vy": 0.013156606677049373,
        "x": 0.7229973429159626,
        "y": 0.6848736714579776,
      },
      "type": "spawned",
    },
  ],
  [
    208,
    {
      "item": {
        "id": "gm-item-49",
        "ownerId": "gm-hunter",
        "type": "brick",
        "vx": -0.13435151803468443,
        "vy": 0.20087227185894987,
        "x": 0.7480413042639606,
        "y": 0.6973956521319761,
      },
      "type": "spawned",
    },
  ],
  [
    218,
    {
      "item": {
        "id": "gm-item-52",
        "ownerId": "gm-hunter",
        "type": "rock",
        "vx": -0.15368973084283133,
        "vy": 0.16241756873398294,
        "x": 0.7730852656119587,
        "y": 0.7099176328059745,
      },
      "type": "spawned",
    },
  ],
  [
    228,
    {
      "item": {
        "id": "gm-item-56",
        "ownerId": "gm-hunter",
        "type": "cactus",
        "vx": -0.07973441100710227,
        "vy": 0.1710041628187761,
        "x": 0.7981292269599567,
        "y": 0.722439613479973,
      },
      "type": "spawned",
    },
  ],
  [
    232,
    {
      "hits": [],
      "itemId": "gm-item-55",
      "radius": 0.18,
      "type": "detonated",
      "x": 0.7999999999999999,
      "y": 0.89185,
    },
  ],
  [
    321,
    {
      "clicksLeft": 1,
      "itemId": "gm-juggle-bomb",
      "type": "itemNudged",
      "vx": 0.012,
      "vy": 0,
      "x": 0.6,
      "y": 0.3,
    },
  ],
  [
    322,
    {
      "hits": [],
      "itemId": "gm-juggle-bomb",
      "radius": 0.18,
      "type": "detonated",
      "x": 0.6012,
      "y": 0.3,
    },
  ],
  [
    350,
    {
      "amount": -5,
      "playerId": "gm-hunter",
      "type": "bumped",
    },
  ],
  [
    350,
    {
      "amount": -5,
      "playerId": "gm-rival",
      "type": "bumped",
    },
  ],
  [
    354,
    {
      "hits": [],
      "itemId": "gm-item-45",
      "radius": 0.18,
      "type": "detonated",
      "x": 0.47589427815673213,
      "y": 0.88968,
    },
  ],
  [
    392,
    {
      "hits": [],
      "itemId": "gm-npc",
      "radius": 0.18,
      "type": "detonated",
      "x": 0.524,
      "y": 0.889112504092553,
    },
  ],
  [
    392,
    {
      "playerId": "gm-npc",
      "type": "fainted",
    },
  ],
  [
    445,
    {
      "item": {
        "id": "gm-item-57",
        "ownerId": "gm-hunter",
        "type": "mushroom",
        "vx": 0.08265502386599215,
        "vy": 0.14855351570970063,
        "x": 0.7006988000546097,
        "y": 0.8853427431498323,
      },
      "type": "spawned",
    },
  ],
  [
    446,
    {
      "delta": 0,
      "itemId": "gm-item-57",
      "itemType": "mushroom",
      "newHp": 87,
      "playerId": "gm-rival",
      "type": "eaten",
      "via": "collision",
      "x": 0.7043973269522678,
      "y": 0.8919900000000001,
    },
  ],
  [
    460,
    {
      "item": {
        "id": "gm-item-58",
        "ownerId": "gm-hunter",
        "type": "crumb",
        "vx": 0.0007276233120102477,
        "vy": 0.2624870864715364,
        "x": 0.6682402201722282,
        "y": 0.8853427431498323,
      },
      "type": "spawned",
    },
  ],
  [
    461,
    {
      "delta": 5,
      "itemId": "gm-item-58",
      "itemType": "crumb",
      "newHp": 90,
      "playerId": "gm-rival",
      "type": "eaten",
      "via": "collision",
      "x": 0.6682588406413059,
      "y": 0.89206,
    },
  ],
  [
    475,
    {
      "item": {
        "id": "gm-item-59",
        "ownerId": "gm-hunter",
        "type": "crumb",
        "vx": 0.12999650491318873,
        "vy": 0.2280370774903838,
        "x": 0.6357816402905718,
        "y": 0.8853427431498323,
      },
      "type": "spawned",
    },
  ],
  [
    476,
    {
      "delta": 5,
      "itemId": "gm-item-59",
      "itemType": "crumb",
      "newHp": 95,
      "playerId": "gm-rival",
      "type": "eaten",
      "via": "collision",
      "x": 0.6396508341873718,
      "y": 0.89213,
    },
  ],
  [
    510,
    {
      "item": {
        "id": "gm-item-60",
        "ownerId": "gm-hunter",
        "type": "bomb",
        "vx": 0.018949670904630737,
        "vy": 0.00805667255175431,
        "x": 0.5600449539000407,
        "y": 0.8853427431498323,
      },
      "type": "spawned",
    },
  ],
  [
    511,
    {
      "hits": [
        {
          "delta": -18,
          "playerId": "gm-rival",
        },
      ],
      "itemId": "gm-item-60",
      "radius": 0.18,
      "type": "detonated",
      "x": 0.5619399209905038,
      "y": 0.8861484104050077,
    },
  ],
  [
    520,
    {
      "item": {
        "id": "gm-item-61",
        "ownerId": "gm-hunter",
        "type": "brick",
        "vx": 0.11132882266154207,
        "vy": 0.2144898441530389,
        "x": 0.5374735801028137,
        "y": 0.8853427431498323,
      },
      "type": "spawned",
    },
  ],
  [
    530,
    {
      "item": {
        "id": "gm-item-62",
        "ownerId": "gm-hunter",
        "type": "cactus",
        "vx": 0.0638344870259353,
        "vy": 0.17755325473258918,
        "x": 0.5147981886982245,
        "y": 0.8853427431498323,
      },
      "type": "spawned",
    },
  ],
  [
    540,
    {
      "item": {
        "id": "gm-item-63",
        "ownerId": "gm-hunter",
        "type": "rock",
        "vx": 0.12688424428884015,
        "vy": 0.18412058155255195,
        "x": 0.4921229988735498,
        "y": 0.8853427431498323,
      },
      "type": "spawned",
    },
  ],
  [
    556,
    {
      "hits": [
        {
          "delta": -9,
          "playerId": "gm-hunter",
        },
        {
          "delta": -6,
          "playerId": "gm-rival",
        },
      ],
      "itemId": "gm-item-19",
      "radius": 0.18,
      "type": "detonated",
      "x": 0.38906127702248194,
      "y": 0.740134115070361,
    },
  ],
]
`;
